2026-08-26 01:19:23.448: [INFO] CurrentProfilePath: C:\Users\SehajKaur\Desktop\DSA_final\.metadata\.plugins\org.eclipse.swt\EBWebView\Default
2026-08-26 01:19:23.448: [INFO] Profiles total count: 1
2026-08-26 01:19:23.448: [INFO] Profile: name=Profile 1 path=C:\Users\SehajKaur\Desktop\DSA_final\.metadata\.plugins\org.eclipse.swt\EBWebView\Default lastActive=null
2026-08-26 01:19:23.448: [INFO] LastUsedProfileDir: C:\Users\SehajKaur\Desktop\DSA_final\.metadata\.plugins\org.eclipse.swt\EBWebView\Default
2026-08-26 01:19:23.448: [INFO] OnDoneLoading sync enabled: 0
2026-08-26 01:19:23.448: [INFO] BookmarkModelLoaded, ids_reassigned: 0
2026-08-26 01:19:23.448: [INFO] BookmarksLoadDropped droppedNodes=0
2026-08-26 01:19:23.448: [INFO] BookmarksSnapshot Startup total=0 bar=0 other=0 mobile=0 showBar=0 showBarNTP=1
2026-08-26 01:19:35.984: [INFO] BookmarksSnapshot Shutdown total=0 bar=0 other=0 mobile=0 showBar=0 showBarNTP=1
2026-08-26 01:21:18.365: [INFO] CurrentProfilePath: C:\Users\SehajKaur\Desktop\DSA_final\.metadata\.plugins\org.eclipse.swt\EBWebView\Default
2026-08-26 01:21:18.365: [INFO] Profiles total count: 1
2026-08-26 01:21:18.366: [INFO] Profile: name=Profile 1 path=C:\Users\SehajKaur\Desktop\DSA_final\.metadata\.plugins\org.eclipse.swt\EBWebView\Default lastActive=2026-08-26T01:19:32.984Z
2026-08-26 01:21:18.366: [INFO] LastUsedProfileDir: C:\Users\SehajKaur\Desktop\DSA_final\.metadata\.plugins\org.eclipse.swt\EBWebView\Default
2026-08-26 01:21:18.366: [INFO] MostRecentlyActiveProfile: name=Profile 1 path=C:\Users\SehajKaur\Desktop\DSA_final\.metadata\.plugins\org.eclipse.swt\EBWebView\Default lastActive=2026-08-26T01:19:32.984Z
2026-08-26 01:21:18.366: [INFO] OnDoneLoading sync enabled: 0
2026-08-26 01:21:18.366: [INFO] BookmarkModelLoaded, ids_reassigned: 0
2026-08-26 01:21:18.366: [INFO] BookmarksLoadDropped droppedNodes=0
2026-08-26 01:21:18.366: [INFO] BookmarksSnapshot Startup total=0 bar=0 other=0 mobile=0 showBar=0 showBarNTP=1
2026-08-26 01:21:18.443: [INFO] BookmarksSnapshot Shutdown total=0 bar=0 other=0 mobile=0 showBar=0 showBarNTP=1
2026-08-26 01:27:18.306: [INFO] CurrentProfilePath: C:\Users\SehajKaur\Desktop\DSA_final\.metadata\.plugins\org.eclipse.swt\EBWebView\Default
2026-08-26 01:27:18.306: [INFO] Profiles total count: 1
2026-08-26 01:27:18.306: [INFO] Profile: name=Profile 1 path=C:\Users\SehajKaur\Desktop\DSA_final\.metadata\.plugins\org.eclipse.swt\EBWebView\Default lastActive=2026-08-26T01:19:32.984Z
2026-08-26 01:27:18.306: [INFO] LastUsedProfileDir: C:\Users\SehajKaur\Desktop\DSA_final\.metadata\.plugins\org.eclipse.swt\EBWebView\Default
2026-08-26 01:27:18.306: [INFO] MostRecentlyActiveProfile: name=Profile 1 path=C:\Users\SehajKaur\Desktop\DSA_final\.metadata\.plugins\org.eclipse.swt\EBWebView\Default lastActive=2026-08-26T01:19:32.984Z
2026-08-26 01:27:18.306: [INFO] OnDoneLoading sync enabled: 0
2026-08-26 01:27:18.306: [INFO] BookmarkModelLoaded, ids_reassigned: 0
2026-08-26 01:27:18.306: [INFO] BookmarksLoadDropped droppedNodes=0
2026-08-26 01:27:18.306: [INFO] BookmarksSnapshot Startup total=0 bar=0 other=0 mobile=0 showBar=0 showBarNTP=1
2026-08-29 09:08:59.061: [INFO] BookmarksSnapshot Shutdown total=0 bar=0 other=0 mobile=0 showBar=0 showBarNTP=1
2026-09-21 11:15:17.627: [INFO] CurrentProfilePath: C:\Users\SehajKaur\Desktop\DSA_final\.metadata\.plugins\org.eclipse.swt\EBWebView\Default
2026-09-21 11:15:17.627: [INFO] Profiles total count: 1
2026-09-21 11:15:17.627: [INFO] Profile: name=Profile 1 path=C:\Users\SehajKaur\Desktop\DSA_final\.metadata\.plugins\org.eclipse.swt\EBWebView\Default lastActive=2026-08-26T01:27:24.717Z
2026-09-21 11:15:17.627: [INFO] LastUsedProfileDir: C:\Users\SehajKaur\Desktop\DSA_final\.metadata\.plugins\org.eclipse.swt\EBWebView\Default
2026-09-21 11:15:17.627: [INFO] MostRecentlyActiveProfile: name=Profile 1 path=C:\Users\SehajKaur\Desktop\DSA_final\.metadata\.plugins\org.eclipse.swt\EBWebView\Default lastActive=2026-08-26T01:27:24.717Z
2026-09-21 11:15:17.627: [INFO] OnDoneLoading sync enabled: 0
2026-09-21 11:15:17.628: [INFO] BookmarkModelLoaded, ids_reassigned: 0
2026-09-21 11:15:17.628: [INFO] BookmarksLoadDropped droppedNodes=0
2026-09-21 11:15:17.628: [INFO] BookmarksSnapshot Startup total=0 bar=0 other=0 mobile=0 showBar=0 showBarNTP=1
2026-09-21 11:22:32.607: [INFO] BookmarksSnapshot Shutdown total=0 bar=0 other=0 mobile=0 showBar=0 showBarNTP=1
